mvn : WARNING: A restricted method in java.lang.System has been called
En línea: 1 Carácter: 1
+ mvn test > test_output.log 2>&1 ; type test_output.log | findstr /C:" ...
+ ~~~~~~~~~~~~~~~~~~~~~~~~~~~~~~~
    + CategoryInfo          : NotSpecified: (WARNING: A rest...has been called:St 
   ring) [], RemoteException
    + FullyQualifiedErrorId : NativeCommandError
 
WARNING: java.lang.System::load has been called by 
org.fusesource.jansi.internal.JansiLoader in an unnamed module 
(file:/C:/apache-maven-3.9.9/lib/jansi-2.4.1.jar)
WARNING: Use --enable-native-access=ALL-UNNAMED to avoid a warning for callers in 
this module
WARNING: Restricted methods will be blocked in a future release unless native 
access is enabled

WARNING: A terminally deprecated method in sun.misc.Unsafe has been called
WARNING: sun.misc.Unsafe::objectFieldOffset has been called by 
com.google.common.util.concurrent.AbstractFuture$UnsafeAtomicHelper 
(file:/C:/apache-maven-3.9.9/lib/guava-33.2.1-jre.jar)
WARNING: Please consider reporting this to the maintainers of class 
com.google.common.util.concurrent.AbstractFuture$UnsafeAtomicHelper
WARNING: sun.misc.Unsafe::objectFieldOffset will be removed in a future release
[INFO] Scanning for projects...
[INFO] 
[INFO] --------------< com.example.matricula:matricula-reserva >---------------
[INFO] Building matricula-reserva 1.0.0
[INFO]   from pom.xml
[INFO] --------------------------------[ jar ]---------------------------------
[INFO] 
[INFO] --- resources:3.3.1:resources (default-resources) @ matricula-reserva ---
[INFO] skip non existing resourceDirectory C:\Desarrollo\pc1-hotel-reserva\src\main\resources
[INFO] 
[INFO] --- compiler:3.13.0:compile (default-compile) @ matricula-reserva ---
[INFO] Nothing to compile - all classes are up to date.
[INFO] 
[INFO] --- resources:3.3.1:testResources (default-testResources) @ matricula-reserva ---
[INFO] skip non existing resourceDirectory C:\Desarrollo\pc1-hotel-reserva\src\test\resources
[INFO] 
[INFO] --- compiler:3.13.0:testCompile (default-testCompile) @ matricula-reserva ---
[INFO] Nothing to compile - all classes are up to date.
[INFO] 
[INFO] --- surefire:3.0.0-M7:test (default-test) @ matricula-reserva ---
[INFO] Using auto detected provider org.apache.maven.surefire.junitplatform.JUnitPlatformProvider
[INFO] 
[INFO] -------------------------------------------------------
[INFO]  T E S T S
[INFO] -------------------------------------------------------
[INFO] Running com.example.matricula.MatriculaTest
WARNING: A Java agent has been loaded dynamically (C:\Users\goku6\.m2\repository\n
et\bytebuddy\byte-buddy-agent\1.14.4\byte-buddy-agent-1.14.4.jar)
WARNING: If a serviceability tool is in use, please run with 
-XX:+EnableDynamicAgentLoading to hide this warning
WARNING: If a serviceability tool is not in use, please run with 
-Djdk.instrument.traceUsage for more information
WARNING: Dynamic loading of agents will be disallowed by default in a future 
release
Java HotSpot(TM) 64-Bit Server VM warning: Sharing is only supported for boot 
loader classes because bootstrap classpath has been appended

--- TEST 1: Costo Matricula Estandar ---
Estudiante: Ana | Curso: Matemßticas
Creditos: 3 x S/100.0 = S/300.0
Descuento: NO
Costo final: S/300.0 [OK]
Estado: Activa [OK]


--- TEST 3: Retiro Dentro de 7 Dias ---
Estudiante: Carlos | Curso: Introducci¾n al Derecho
Retiro en dia 5: Valido (dentro de 7 dias)
Costo: S/600.0 -> Devolucion 70%: S/420.0 [OK]
Estado: Retirada [OK]


--- TEST 4: Flujo Integral Matricula ---
Estudiante: MarÝa | Curso: AnatomÝa
Paso 1: Crear matricula -> Costo: S/360.0 Estado: Retirada [OK]
Paso 2: Retiro dia 3 -> Devolucion 70%: S/251.99999999999997 [OK]
Flujo completo: APROBADO


--- TEST 2: Descuento por Creditos (>=5) ---
Estudiante: Luis | Curso: Proyecto Avanzado
Base: 5 x S/200.0 = S/1000.0
Descuento: SI (5% por >= 5 creditos)
Final: S/950.0 [OK]

[INFO] Tests run: 4, Failures: 0, Errors: 0, Skipped: 0, Time elapsed: 2.053 s - in com.example.matricula.MatriculaTest
[INFO] 
[INFO] Results:
[INFO] 
[INFO] Tests run: 4, Failures: 0, Errors: 0, Skipped: 0
[INFO] 
[INFO] ------------------------------------------------------------------------
[INFO] BUILD SUCCESS
[INFO] ------------------------------------------------------------------------
[INFO] Total time:  6.463 s
[INFO] Finished at: 2026-04-29T09:44:17-05:00
[INFO] ------------------------------------------------------------------------
